// Jest Snapshot v1, https://goo.gl/fbAQLP

exports[`Contact component Matches the snapshot 1`] = `
<div
  className="makeStyles-styleContactMainContent-1"
  data-testid="contact"
>
  <p
    className="MuiTypography-root makeStyles-input-2 MuiTypography-body1"
  />
  <p
    className="MuiTypography-root makeStyles-input-2 MuiTypography-body1"
  />
  <div
    className="makeStyles-button-3"
  >
    <div
      data-testid="button"
    >
      <button
        className="MuiButtonBase-root MuiButton-root MuiButton-contained MuiButton-containedPrimary"
        disabled={false}
        onBlur={[Function]}
        onClick={[Function]}
        onDragLeave={[Function]}
        onFocus={[Function]}
        onKeyDown={[Function]}
        onKeyUp={[Function]}
        onMouseDown={[Function]}
        onMouseLeave={[Function]}
        onMouseUp={[Function]}
        onTouchEnd={[Function]}
        onTouchMove={[Function]}
        onTouchStart={[Function]}
        tabIndex={0}
        type="button"
      >
        <span
          className="MuiButton-label"
        >
          <span
            className="MuiTypography-root MuiTypography-button"
          >
             
          </span>
        </span>
      </button>
    </div>
  </div>
   
</div>
`;
